
SYMBOL TABLE:

ABPASS     1107   ABS        1753   ACCSUM     0970   ACPASS     1106
ADD30      1C65   ADD301     1C75   ADDEXP     16EC   ADDIG      1892
ADDPHL     14D9   ALLFOL     13D5   ANTVLU     0C70   ARET       1BE3
ARLDSV     1027   ARREND     811F   ARRLP      12A0   ASC        13A6
ASCTFP     1835   ASPCS      0BD2   ATN        1B97   ATN1       1BB4
ATNTAB     1BBE   ATOH       09AB   BADINP     0BF7   BAKSTK     0430
BAKTMP     1386   BASTXT     80A3   BCDEFP     177A   BFREE      0160
BIN        1CB7   BIN2       1CBD   BINERR     1D14   BINIT      1CF3
BINTFP     1CE9   BITOUT     1CD1   BITOUT2    1CD5   BKSP       0008
BN         0028   BNORM      1539   BNRMLP     153C   BRK        0922
BRKFLG     8092   BRKLIN     8113   BRKMSG     042A   BRKRET     0151
BS         0010   BSERR      105A   BUFFER     80A6   BYT2ASC    1C5C
BYTSFT     1671   CFEVAL     0FBD   CHARTY     0F6B   CHEKFN     119E
CHKBIN     1D06   CHKLTR     097D   CHKSTK     0464   CHKSUM     808F
CHKSYN     0755   CHKTYP     0D51   CHR        13B7   CLEAR      09D0
CLOTST     078A   CLREG      05B9   CLRPTR     0594   CLS        1BE6
CMPFP      17C3   CMPLG1     0ED1   CMPLOG     0ECF   CMPNUM     17A9
CMPRES     0F13   CMPSTR     0EFB   CN         0020   CNVNUM     1841
COLD       00D3   COMMAN     8088   COMPL      1599   CONCAT     131B
CONEXP     1871   CONPOS     1536   CONT       0955   CONTAD     8119
CONVAR     0E3C   COPY       00EF   COS        1B1B   COUNT      07FA
CPDEHL     074F   CPYLIT     068B   CR         000D   CRARLP     107A
CREARY     105F   CRESTR     0ACF   CRNCLP     05EC   CRTMST     11D7
CRTST      11E3   CRTSTE     11F9   CRUNCH     05E3   CS         000C
CSTART     00E0   CTLOFG     808A   CTRLC      0003   CTRLG      0007
CTRLO      000F   CTRLQ      0011   CTRLR      0012   CTRLS      0013
CTRLU      0015   CUROPR     810A   CURPOS     80F0   DATA       0A76
DATFLG     80F3   DATLIN     810E   DATSNR     0481   DCBCDE     17FA
DDERR      0490   DEEK       1C02   DEF        111B   DEFSIZ     1082
DEINT      0991   DEL        007F   DELCHR     06BB   DEPINT     098B
DETHL4     1789   DETHLB     178B   DIGTXT     193B   DIM        0F3D
DIMRET     0F34   DINPOS     0784   DIV        1682   DIV1       804F
DIV10      1676   DIV2       8053   DIV3       8057   DIV4       805A
DIVLP      16A9   DIVSUP     804E   DOAGN      05D2   DOCOM      0BA3
DODEL      069B   DOEBIT     197B   DOFN       1148   DOKE       1C0D
DONULL     0B91   DOSPC      0BCD   DOTAB      0BBA   DPOINT     186D
DTSTR      11E7   DVBCDE     1684   DZ         0014   DZERR      048A
ECHDEL     06AF   EDIGIT     18B4   ENDBUF     0692   ENDCON     1880
ENDDIM     10E1   ENDINP     0B82   ENDNAM     0F5F   ENDPRG     0931
ENFMEM     046D   ERRIN      04BB   ERRLIN     8117   ERRMSG     0418
ERROR      049B   ERRORS     038E   ESC        001B   EVAL       0D5E
EVAL1      0D61   EVAL2      0D6A   EVAL3      0D6D   EVLPAR     0E23
EVNOT      0F1D   EXCUTE     08BF   EXP        1A15   EXPLP      185F
EXPTAB     1A55   EXPTEN     198D   EXTIG      0CCC   FANDT      0CF6
FC         0008   FCERR      09A6   FDTLP      0CDD   FINDEL     10BD
FLGDIF     1739   FLGREL     1740   FNARG      8125   FNCTAB     01D8
FNDARY     102D   FNDELP     10C2   FNDEND     0567   FNDNUM     14AA
FNDTOK     07D9   FNDVAR     0FA4   FNDWRD     0616   FNOFST     0E4D
FNRGNM     8123   FNTHR      0FB2   FNVAL      0E74   FOPRND     0D96
FOR        0826   FORFLG     8110   FORFND     0856   FORSLP     083A
FPADD      14E8   FPBCDE     176F   FPEXP      812C   FPINT      17D6
FPMULT     1623   FPREG      8129   FPROND     1580   FPSINT     0985
FPTHL      1786   FRE        10E5   FRENUM     1101   FRMEVL     0E3F
GARBGE     1268   GARBLP     126B   GETCHR     08DF   GETCMD     04DF
GETHEX     1C92   GETINP     1BE4   GETINT     14AD   GETLEN     139B
GETLIN     06CC   GETLN      09AC   GETNUM     0D4C   GETNXT     0631
GETSTR     1365   GETVAR     0F42   GNXARY     129F   GOFUNC     0E7C
GOSUB      0A22   GOTO       0A33   GRBARY     12BF   GRBDON     1240
GRBLP      1279   GSTRCU     1368   GSTRDE     136C   GSTRHL     136B
GTFLNM     13AA   GTFNAM     0F47   GTLNLP     09AF   GTSIXD     1905
GTVLUS     0C48   HALF       19AC   HALFPI     1B65   HEX        1C24
HEX1       1C3D   HEX2       1C3F   HEX3       1C4D   HEX4       1C4F
HEXIT      1CA9   HEXLP      1C85   HEXLP1     1C8A   HEXTFP     1C79
HX         0026   HXERR      1CB2   ID         0016   IDTEST     1190
IF         0B05   IFGO       0B13   IFJMP      08C6   INCHL      1784
INCLEN     0780   INDFND     044A   INEWLN     052F   INIT       00E7
INITAB     03B8   INITBE     0418   INITST     1D22   INMSG      041F
INP        146A   INPBIN     0C9A   INPBRK     092E   INPORT     8084
INPSUB     8083   INPUT      0C08   INRNG      190E   INT        1801
INTRCV     001B   INTVAR     05A3   INTVCT     0090   INVSGN     1757
ITMSEP     0C8B   JJUMP1     1D19   JSTZER     1997   KBHIT      007C
KILFOR     0D3C   KILIN      06C6   LCRFLG     80F1   LEFT       13C7
LEN        1397   LET        0A8D   LETNUM     0AE0   LETSTR     0AA8
LF         000A   LFRGNM     1460   LINEAT     80A1   LINEIN     18C0
LINES      1BF3   LINESC     808B   LINESN     808D   LINFND     0518
LIST       079B   LISTLP     07A7   LOADFP     177D   LOG        15E2
LOGTAB     15D5   LOKFOR     0434   LOOPST     810C   LOPRBR     004E
LS         001C   LSTBIN     8111   LSTLP2     07C7   LSTLP3     07CA
LSTRAM     80F4   LSTRND     807F   LTSTND     0CA5   LWIDTH     8087
MAKINT     14B0   MAKNUM     192A   MANLP      1849   MATCH      0663
MEMMSG     01A6   MID        1401   MID1       13CD   MIDNUM     1465
MINCDE     1528   MINUS      0E2B   MKTMST     11D4   MLDBLP     1822
MLDEBC     181A   MLOOP      0107   MLSP10     1717   MO         0024
MONITR     1D1F   MONOUT     1D1C   MORDT      0CB1   MORINP     06D5
MOVBUF     054E   MOVDIR     066B   MOVLP      0459   MOVSTR     0456
MOVUP      0453   MRPRNT     0B25   MSIZE      0104   MUL8LP     164E
MULLN2     161A   MULT       1621   MULT8      1645   MULTEN     188B
MULVAL     813B   MVSTPT     0AD7   NEDMOR     0C44   NEGAFT     19C2
NEMEM      0157   NEW        0593   NEXITM     0BDD   NEXT       0D01
NEXT1      0D04   NF         0000   NFERR      048D   NMIFLG     8091
NOCHNG     065B   NOENED     199A   NOLIN      0944   NOMADD     165F
NOMLAD     1830   NOPMPT     0C22   NORMAL     1553   NOSPC      0652
NOSUB7     1CA5   NOSWAP     1502   NOTAMP     0E00   NOTSTR     0F7A
NOXOR      1490   NSCFOR     0F8A   NULFLG     8089   NULL       0968
NULLP      0B98   NULLS      8086   NUMASC     18D3   NXTARY     1041
NXTBYT     0641   NXTCHR     0682   NXTDAT     8121   NXTDTA     0A75
NXTITM     0C3C   NXTOPR     8115   NXTSTL     0A7C   NXTSTT     0A7F
OD         0006   OKMSG      0424   OM         000C   OMERR      047C
ON         0AE7   ONGO       0AF6   ONGOLP     0AF7   ONJMP      08C7
OPNPAR     0D5A   OPRND      0DD5   OS         001A   OTKLN      06C3
OTPORT     804C   OUTC       0760   OUTEXP     198B   OUTIT      0741
OUTNBS     0747   OUTNCR     1D31   OUTSUB     804B   OUTWRD     07E3
OV         000A   OVERR      0496   OVTST1     170A   OVTST2     170F
OVTST3     1710   PADD       18AF   PAND       0E96   PASSA      1116
PBUFF      812E   PCTCC2     0012   PEEK       14BE   PEND       0929
PHLTFP     176C   PLUCDE     158D   PNORM      155B   POINT      8096
POKE       14C5   POPAF      125A   POPHL      1384   POPHRT     166F
POPNOK     04D1   POR        0E95   POR1       0EB8   POS        1113
POSINT     0988   POUT       1476   POWER      19D0   POWER1     19E0
POWER2     19FD   POWERS     19B0   PRCRLF     0B87   PRINT      0B29
PRITAB     0379   PRNTHL     18C8   PRNTLP     0B2C   PRNTNB     0B6F
PRNTOK     04D2   PRNTST     0B73   PRNUMS     1224   PROCES     06EE
PROGND     811B   PROGST     813E   PROMPT     05D6   PRS        1225
PRS1       1228   PRSLP      122F   PSET       8099   PSIOAC     0019
PSIOAD     0018   PSIOBC     001B   PSIOBD     001A   PSUB       14E3
PTRLP      055B   PUTBUF     072D   PUTCTL     0732   PUTFID     089B
QTSTLP     11EA   QTSTR      11E4   QUARTR     1B69   RBFCNT     8000
RBFRDP     8001   RBFWTP     8002   RD         0012   READ       0C37
READFG     8112   RECBUF     8003   REDO       0BE4   REM        0A78
RESDIV     16BC   RESEED     1B07   RESET      809C   RESTNL     0904
RESTOR     08EF   RESZER     154E   RETADR     0FF1   RETINT     1745
RETLIN     0A70   RETNAD     0667   RETNUL     0FF4   RETNUM     0E37
RETREL     1737   RETURN     0A51   RG         0004   RIGHT      13F7
RIGHT1     13CB   RINPUT     8093   RLTLP      0D7A   RND        1AA6
RND1       1AE2   RND2       1AFE   RNDTAB     1B0F   RNGTST     199D
RONDB      156F   RONDUP     156E   ROUND      14D6   RSCALE     18A9
RSLNBK     081D   RST00      0000   RST08      0008   RST10      0010
RST18      0018   RSTSTR     141A   RUN        0A16   RUNCNT     089F
RUNFST     059F   RUNLIN     0A32   RWTEXT     0044   RXA        004B
SAVEXP     154F   SAVSTP     0892   SAVSTR     11BF   SBSCPT     0FFF
SCALE      15AD   SCALLP     15AF   SCALMI     1874   SCALPL     188A
SCNEND     12F6   SCPTLP     1005   SEARCH     062F   SEED       805C
SETIO      149A   SETLIN     07F1   SETLIT     0679   SETPTR     0556
SETTOP     0116   SFTPRG     0520   SGN        173D   SGNEXP     0E85
SGNRES     812D   SHRITE     15BC   SHRLP      15BF   SHRT1      15C3
SIGNON     016F   SIGNS      1794   SIN        1B21   SIN1       1B51
SINIT      00A0   SINTAB     1B6D   SIOACD     0092   SIOACL     0009
SIOBCD     009B   SIOBCL     0005   SIXDIG     18F0   SMPVAR     128A
SMSER1     1A85   SN         0002   SNERR      0487   SPCFST     18E1
SPCLP      0BD6   SQR        19C7   SRCHLN     0573   SRCHLP     0576
SSTSA      1352   ST         001E   STACK      80AB   STAKFP     175F
STALL      0918   STARTB     00D9   STKTHS     0DBE   STLOOK     81A2
STOP       0927   STORED     09F3   STPOOL     12CD   STR        11AF
STR1       11B5   STRADD     12D0   STRBOT     8108   STRENT     0C8E
STRSPC     809F   STRWT3     002F   STTLIN     0B7A   SUBCDE     14E5
SUBPHL     14DF   SUMLP      1A8E   SUMSER     1A76   SUPTLZ     196F
SVNAM2     0F5E   SVSTAD     11DD   TAN        1B82   TESTOS     125C
TESTR      123E   TM         0018   TMERR      0499   TMPSTR     8104
TMSTPL     80F8   TMSTPT     80F6   TOPOOL     13C3   TOSTRA     135B
TRYAGN     194A   TSALP      135C   TSTACK     80ED   TSTBIT     1D2A
TSTBRK     090A   TSTNUM     0D4F   TSTOPL     1205   TSTRED     0EBD
TSTREM     067C   TSTSGN     172E   TSTSTR     0D50   TTYLIN     06CC
TXA        0071   TXLOOP     0072   TYPE       80F2   UF         0022
UFERR      0493   UL         000E   ULERR      0A4C   UNITY      15D1
UPDATA     0905   USR        8048   VAL        1431   VAL1       144F
VAL2       1459   VAL3       145C   VAREND     811D   WAIT       147C
WAITLP     1491   WARM       00D6   WARMST     014E   WIDTH      1BEB
WORDS      0210   WORDTB     032F   WRKSPC     8045   XXXXX      015D
ZDATA      0083   ZDIV       00AF   ZEND       0080   ZEQUAL     00B4
ZERARY     10A0   ZERBYT     0423   ZEROLP     0FE3   ZEROSUP    1CC3
ZFN        00A7   ZFOR       0081   ZGOSUB     008C   ZGOTO      0088
ZGTR       00B3   ZLEFT      00CF   ZLTH       00B5   ZMINUS     00AD
ZNEW       00A4   ZNOT       00AA   ZONELP     0BB1   ZOR        00B2
ZPLUS      00AC   ZPOINT     00C7   ZPRINT     009E   ZREM       008E
ZSGN       00B6   ZSPC       00A8   ZSTEP      00AB   ZTAB       00A5
ZTHEN      00A9   ZTIMES     00AE   ZTO        00A6   
