
SYMBOL TABLE:

ABPASS     1104   ABS        1750   ACCSUM     096D   ACPASS     1103
ADD30      1C62   ADD301     1C72   ADDEXP     16E9   ADDIG      188F
ADDPHL     14D6   ALLFOL     13D2   ANTVLU     0C6D   ARET       1BE0
ARLDSV     1024   ARREND     811F   ARRLP      129D   ASC        13A3
ASCTFP     1832   ASPCS      0BCF   ATN        1B94   ATN1       1BB1
ATNTAB     1BBB   ATOH       09A8   BADINP     0BF4   BAKSTK     042D
BAKTMP     1383   BASTXT     80A3   BCDEFP     1777   BFREE      015D
BIN        1CB4   BIN2       1CBA   BINERR     1D11   BINIT      1CF0
BINTFP     1CE6   BITOUT     1CCE   BITOUT2    1CD2   BKSP       0008
BN         0028   BNORM      1536   BNRMLP     1539   BRK        091F
BRKFLG     8092   BRKLIN     8113   BRKMSG     0427   BRKRET     014E
BS         0010   BSERR      1057   BUFFER     80A6   BYT2ASC    1C59
BYTSFT     166E   CFEVAL     0FBA   CHARTY     0F68   CHEKFN     119B
CHKBIN     1D03   CHKLTR     097A   CHKSTK     0461   CHKSUM     808F
CHKSYN     0752   CHKTYP     0D4E   CHR        13B4   CLEAR      09CD
CLOTST     0787   CLREG      05B6   CLRPTR     0591   CLS        1BE3
CMPFP      17C0   CMPLG1     0ECE   CMPLOG     0ECC   CMPNUM     17A6
CMPRES     0F10   CMPSTR     0EF8   CN         0020   CNVNUM     183E
COLD       00D0   COMMAN     8088   COMPL      1596   CONCAT     1318
CONEXP     186E   CONPOS     1533   CONT       0952   CONTAD     8119
CONVAR     0E39   COPY       00EC   COS        1B18   COUNT      07F7
CPDEHL     074C   CPYLIT     0688   CR         000D   CRARLP     1077
CREARY     105C   CRESTR     0ACC   CRNCLP     05E9   CRTMST     11D4
CRTST      11E0   CRTSTE     11F6   CRUNCH     05E0   CS         000C
CSTART     00DD   CTLOFG     808A   CTRLC      0003   CTRLG      0007
CTRLO      000F   CTRLQ      0011   CTRLR      0012   CTRLS      0013
CTRLU      0015   CUROPR     810A   CURPOS     80F0   DATA       0A73
DATFLG     80F3   DATLIN     810E   DATSNR     047E   DCBCDE     17F7
DDERR      048D   DEEK       1BFF   DEF        1118   DEFSIZ     107F
DEINT      098E   DEL        007F   DELCHR     06B8   DEPINT     0988
DETHL4     1786   DETHLB     1788   DIGTXT     1938   DIM        0F3A
DIMRET     0F31   DINPOS     0781   DIV        167F   DIV1       804F
DIV10      1673   DIV2       8053   DIV3       8057   DIV4       805A
DIVLP      16A6   DIVSUP     804E   DOAGN      05CF   DOCOM      0BA0
DODEL      0698   DOEBIT     1978   DOFN       1145   DOKE       1C0A
DONULL     0B8E   DOSPC      0BCA   DOTAB      0BB7   DPOINT     186A
DTSTR      11E4   DVBCDE     1681   DZ         0014   DZERR      0487
ECHDEL     06AC   EDIGIT     18B1   ENDBUF     068F   ENDCON     187D
ENDDIM     10DE   ENDINP     0B7F   ENDNAM     0F5C   ENDPRG     092E
ENFMEM     046A   ERRIN      04B8   ERRLIN     8117   ERRMSG     0415
ERROR      0498   ERRORS     038B   ESC        001B   EVAL       0D5B
EVAL1      0D5E   EVAL2      0D67   EVAL3      0D6A   EVLPAR     0E20
EVNOT      0F1A   EXCUTE     08BC   EXP        1A12   EXPLP      185C
EXPTAB     1A52   EXPTEN     198A   EXTIG      0CC9   FANDT      0CF3
FC         0008   FCERR      09A3   FDTLP      0CDA   FINDEL     10BA
FLGBST     8044   FLGDIF     1736   FLGREL     173D   FNARG      8125
FNCTAB     01D5   FNDARY     102A   FNDELP     10BF   FNDEND     0564
FNDNUM     14A7   FNDTOK     07D6   FNDVAR     0FA1   FNDWRD     0613
FNOFST     0E4A   FNRGNM     8123   FNTHR      0FAF   FNVAL      0E71
FOPRND     0D93   FOR        0823   FORFLG     8110   FORFND     0853
FORSLP     0837   FPADD      14E5   FPBCDE     176C   FPEXP      812C
FPINT      17D3   FPMULT     1620   FPREG      8129   FPROND     157D
FPSINT     0982   FPTHL      1783   FRE        10E2   FRENUM     10FE
FRMEVL     0E3C   GARBGE     1265   GARBLP     1268   GETCHR     08DC
GETCMD     04DC   GETHEX     1C8F   GETINP     1BE1   GETINT     14AA
GETLEN     1398   GETLIN     06C9   GETLN      09A9   GETNUM     0D49
GETNXT     062E   GETSTR     1362   GETVAR     0F3F   GNXARY     129C
GOFUNC     0E79   GOSUB      0A1F   GOTO       0A30   GRBARY     12BC
GRBDON     123D   GRBLP      1276   GSTRCU     1365   GSTRDE     1369
GSTRHL     1368   GTFLNM     13A7   GTFNAM     0F44   GTLNLP     09AC
GTSIXD     1902   GTVLUS     0C45   HALF       19A9   HALFPI     1B62
HEX        1C21   HEX1       1C3A   HEX2       1C3C   HEX3       1C4A
HEX4       1C4C   HEXIT      1CA6   HEXLP      1C82   HEXLP1     1C87
HEXTFP     1C76   HX         0026   HXERR      1CAF   ID         0016
IDTEST     118D   IF         0B02   IFGO       0B10   IFJMP      08C3
INCHL      1781   INCLEN     077D   INDFND     0447   INEWLN     052C
INIT       00E4   INITAB     03B5   INITBE     0415   INITST     1D1F
INMSG      041C   INP        1467   INPBIN     0C97   INPBRK     092B
INPORT     8084   INPSUB     8083   INPUT      0C05   INRNG      190B
INT        17FE   INTEXT     0067   INTRCV     003A   INTVAR     05A0
INVSGN     1754   ITMSEP     0C88   JJUMP1     1D16   JSTZER     1994
KBHIT      009A   KILFOR     0D39   KILIN      06C3   LCRFLG     80F1
LEFT       13C4   LEN        1394   LET        0A8A   LETNUM     0ADD
LETSTR     0AA5   LF         000A   LFRGNM     145D   LINEAT     80A1
LINEIN     18BD   LINES      1BF0   LINESC     808B   LINESN     808D
LINFND     0515   LIST       0798   LISTLP     07A4   LOADFP     177A
LOG        15DF   LOGTAB     15D2   LOKFOR     0431   LOOPST     810C
LS         001C   LSTBIN     8111   LSTLP2     07C4   LSTLP3     07C7
LSTRAM     80F4   LSTRND     807F   LTSTND     0CA2   LWIDTH     8087
MAKINT     14AD   MAKNUM     1927   MANLP      1846   MATCH      0660
MEMMSG     01A3   MID        13FE   MID1       13CA   MIDNUM     1462
MINCDE     1525   MINUS      0E28   MKTMST     11D1   MLDBLP     181F
MLDEBC     1817   MLOOP      0104   MLSP10     1714   MO         0024
MONITR     1D1C   MONOUT     1D19   MORDT      0CAE   MORINP     06D2
MOVBUF     054B   MOVDIR     0668   MOVLP      0456   MOVSTR     0453
MOVUP      0450   MRPRNT     0B22   MSIZE      0101   MUL8LP     164B
MULLN2     1617   MULT       161E   MULT8      1642   MULTEN     1888
MULVAL     813B   MVSTPT     0AD4   NEDMOR     0C41   NEGAFT     19BF
NEMEM      0154   NEW        0590   NEXITM     0BDA   NEXT       0CFE
NEXT1      0D01   NF         0000   NFERR      048A   NMIFLG     8091
NOCHNG     0658   NOENED     1997   NOLIN      0941   NOMADD     165C
NOMLAD     182D   NOPMPT     0C1F   NORMAL     1550   NOSPC      064F
NOSUB7     1CA2   NOSWAP     14FF   NOTAMP     0DFD   NOTFUL     004F
NOTSTR     0F77   NOXOR      148D   NRWRAP     0080   NSCFOR     0F87
NULFLG     8089   NULL       0965   NULLP      0B95   NULLS      8086
NUMASC     18D0   NWWRAP     005B   NXTARY     103E   NXTBYT     063E
NXTCHR     067F   NXTDAT     8121   NXTDTA     0A72   NXTITM     0C39
NXTOPR     8115   NXTSTL     0A79   NXTSTT     0A7C   OD         0006
OKMSG      0421   OM         000C   OMERR      0479   ON         0AE4
ONGO       0AF3   ONGOLP     0AF4   ONJMP      08C4   OPNPAR     0D57
OPRND      0DD2   OS         001A   OTKLN      06C0   OTPORT     804C
OUTC       075D   OUTEXP     1988   OUTIT      073E   OUTNBS     0744
OUTNCR     1D2E   OUTSUB     804B   OUTWRD     07E0   OV         000A
OVERR      0493   OVTST1     1707   OVTST2     170C   OVTST3     170D
PADD       18AC   PAND       0E93   PASSA      1113   PBUFF      812E
PCTCC2     0012   PEEK       14BB   PEND       0926   PHLTFP     1769
PLUCDE     158A   PNORM      1558   POINT      8096   POKE       14C2
POPAF      1257   POPHL      1381   POPHRT     166C   POPNOK     04CE
POR        0E92   POR1       0EB5   POS        1110   POSINT     0985
POUT       1473   POWER      19CD   POWER1     19DD   POWER2     19FA
POWERS     19AD   PRCRLF     0B84   PRINT      0B26   PRITAB     0376
PRNTHL     18C5   PRNTLP     0B29   PRNTNB     0B6C   PRNTOK     04CF
PRNTST     0B70   PRNUMS     1221   PROCES     06EB   PROGND     811B
PROGST     813E   PROMPT     05D3   PRS        1222   PRS1       1225
PRSLP      122C   PSET       8099   PSIOAC     0019   PSIOAD     0018
PSUB       14E0   PTRLP      0558   PUTBUF     072A   PUTCTL     072F
PUTFID     0898   QTSTLP     11E7   QTSTR      11E1   QUARTR     1B66
RBFCNT     8043   RBFLMT     003F   RBFRDP     8041   RBFSIZ     003F
RBFWTP     803F   RD         0012   READ       0C34   READFG     8112
RECBUF     8000   REDO       0BE1   REM        0A75   RESDIV     16B9
RESEED     1B04   RESET      809C   RESTNL     0901   RESTOR     08EC
RESZER     154B   RETADR     0FEE   RETINT     1742   RETLIN     0A6D
RETNAD     0664   RETNUL     0FF1   RETNUM     0E34   RETREL     1734
RETURN     0A4E   RG         0004   RIGHT      13F4   RIGHT1     13C8
RINPUT     8093   RLTLP      0D77   RND        1AA3   RND1       1ADF
RND2       1AFB   RNDTAB     1B0C   RNGTST     199A   RONDB      156C
RONDUP     156B   ROUND      14D3   RSCALE     18A6   RSLNBK     081A
RST00      0000   RST08      0008   RST10      0010   RST18      0018
RST38      0038   RSTSTR     1417   RUN        0A13   RUNCNT     089C
RUNFST     059C   RUNLIN     0A2F   RXA        006C   SAVEXP     154C
SAVSTP     088F   SAVSTR     11BC   SBSCPT     0FFC   SCALE      15AA
SCALLP     15AC   SCALMI     1871   SCALPL     1887   SCNEND     12F3
SCPTLP     1002   SEARCH     062C   SEED       805C   SETIO      1497
SETLIN     07EE   SETLIT     0676   SETPTR     0553   SETTOP     0113
SFTPRG     051D   SGN        173A   SGNEXP     0E82   SGNRES     812D
SHRITE     15B9   SHRLP      15BC   SHRT1      15C0   SIGNON     016C
SIGNS      1791   SIN        1B1E   SIN1       1B4E   SINIT      00A9
SINTAB     1B6A   SIOCMD     00A0   SIOCML     0009   SIXDIG     18ED
SMPVAR     1287   SMSER1     1A82   SN         0002   SNERR      0484
SPCFST     18DE   SPCLP      0BD3   SQR        19C4   SRCHLN     0570
SRCHLP     0573   SSTSA      134F   ST         001E   STACK      80AB
STAKFP     175C   STALL      0915   STARTB     00D6   STKTHS     0DBB
STLOOK     81A2   STOP       0924   STORED     09F0   STPOOL     12CA
STR        11AC   STR1       11B2   STRADD     12CD   STRBOT     8108
STRENT     0C8B   STRSPC     809F   STTLIN     0B77   SUBCDE     14E2
SUBPHL     14DC   SUMLP      1A8B   SUMSER     1A73   SUPTLZ     196C
SVNAM2     0F5B   SVSTAD     11DA   TAN        1B7F   TESTOS     1259
TESTR      123B   TM         0018   TMERR      0496   TMPSTR     8104
TMSTPL     80F8   TMSTPT     80F6   TOPOOL     13C0   TOSTRA     1358
TRYAGN     1947   TSALP      1359   TSTACK     80ED   TSTBIT     1D27
TSTBRK     0907   TSTNUM     0D4C   TSTOPL     1202   TSTRED     0EBA
TSTREM     0679   TSTSGN     172B   TSTSTR     0D4D   TTYLIN     06C9
TXA        008F   TXLOOP     0090   TYPE       80F2   UF         0022
UFERR      0490   UL         000E   ULERR      0A49   UNITY      15CE
UPDATA     0902   USR        8048   VAL        142E   VAL1       144C
VAL2       1456   VAL3       1459   VAREND     811D   WAIT       1479
WAITLP     148E   WARM       00D3   WARMST     014B   WIDTH      1BE8
WORDS      020D   WORDTB     032C   WRKSPC     8045   XXXXX      015A
ZDATA      0083   ZDIV       00AF   ZEND       0080   ZEQUAL     00B4
ZERARY     109D   ZERBYT     0420   ZEROLP     0FE0   ZEROSUP    1CC0
ZFN        00A7   ZFOR       0081   ZGOSUB     008C   ZGOTO      0088
ZGTR       00B3   ZLEFT      00CF   ZLTH       00B5   ZMINUS     00AD
ZNEW       00A4   ZNOT       00AA   ZONELP     0BAE   ZOR        00B2
ZPLUS      00AC   ZPOINT     00C7   ZPRINT     009E   ZREM       008E
ZSGN       00B6   ZSPC       00A8   ZSTEP      00AB   ZTAB       00A5
ZTHEN      00A9   ZTIMES     00AE   ZTO        00A6   
